COMMAND: /home/a/miniconda3/envs/neutron-g4-native/bin/geant4-config --install-datasets

--- STDOUT ---
+ created download cache
+ downloading G4NDL.4.7.1.tar.gz
+ checking md5 of G4NDL.4.7.1.tar.gz
+ untar G4NDL.4.7.1.tar.gz
+ installing G4NDL4.7.1
+ downloading G4EMLOW.8.8.tar.gz
+ checking md5 of G4EMLOW.8.8.tar.gz
+ untar G4EMLOW.8.8.tar.gz
+ installing G4EMLOW8.8
+ downloading G4PARTICLEXS.4.2.tar.gz
+ checking md5 of G4PARTICLEXS.4.2.tar.gz
+ untar G4PARTICLEXS.4.2.tar.gz
+ installing G4PARTICLEXS4.2
+ downloading G4PII.1.3.tar.gz
+ checking md5 of G4PII.1.3.tar.gz
+ untar G4PII.1.3.tar.gz
+ installing G4PII1.3
+ downloading G4SAIDDATA.2.0.tar.gz
+ checking md5 of G4SAIDDATA.2.0.tar.gz
+ untar G4SAIDDATA.2.0.tar.gz
+ installing G4SAIDDATA2.0
+ downloading G4ABLA.3.3.tar.gz
+ checking md5 of G4ABLA.3.3.tar.gz
+ untar G4ABLA.3.3.tar.gz
+ installing G4ABLA3.3
+ downloading G4INCL.1.3.tar.gz
+ checking md5 of G4INCL.1.3.tar.gz
+ untar G4INCL.1.3.tar.gz
+ installing G4INCL1.3
+ downloading G4ENSDFSTATE.3.0.tar.gz
+ checking md5 of G4ENSDFSTATE.3.0.tar.gz
+ untar G4ENSDFSTATE.3.0.tar.gz
+ installing G4ENSDFSTATE3.0
+ downloading G4CHANNELING.2.0.tar.gz
+ checking md5 of G4CHANNELING.2.0.tar.gz
+ untar G4CHANNELING.2.0.tar.gz
+ installing G4CHANNELING2.0
+ cleaned download cache
+ all datasets installed

--- STDERR ---
  % Total    % Received % Xferd  Average Speed   Time    Time     Time  Current
                                 Dload  Upload   Total   Spent    Left  Speed

  0     0    0     0    0     0      0      0 --:--:-- --:--:-- --:--:--     0
  0     0    0     0    0     0      0      0 --:--:-- --:--:-- --:--:--     0
100    82  100    82    0     0    112      0 --:--:-- --:--:-- --:--:--   112

  0     0    0     0    0     0      0      0 --:--:--  0:00:01 --:--:--     0
  0 1061M    0  501k    0     0   181k      0  1:40:02  0:00:02  1:40:00  449k
  0 1061M    0 8773k    0     0  2366k      0  0:07:39  0:00:03  0:07:36 4273k
  1 1061M    1 16.5M    0     0  3604k      0  0:05:01  0:00:04  0:04:57 5563k
  2 1061M    2 21.2M    0     0  3824k      0  0:04:44  0:00:05  0:04:39 5393k
  3 1061M    3 32.2M    0     0  4899k      0  0:03:41  0:00:06  0:03:35 6492k
  3 1061M    3 41.9M    0     0  5594k      0  0:03:14  0:00:07  0:03:07 8654k
  5 1061M    5 53.9M    0     0  6348k      0  0:02:51  0:00:08  0:02:43 9306k
  6 1061M    6 64.3M    0     0  6814k      0  0:02:39  0:00:09  0:02:30 9851k
  7 1061M    7 74.9M    0     0  7216k      0  0:02:30  0:00:10  0:02:20 10.8M
  8 1061M    8 87.7M    0     0  7682k      0  0:02:21  0:00:11  0:02:10 11.1M
  9 1061M    9 98.5M    0     0  7969k      0  0:02:16  0:00:12  0:02:04 11.3M
 10 1061M   10  111M    0     0  8362k      0  0:02:09  0:00:13  0:01:56 11.6M
 11 1061M   11  122M    0     0  8554k      0  0:02:07  0:00:14  0:01:53 11.6M
 12 1061M   12  133M    0     0  8738k      0  0:02:04  0:00:15  0:01:49 11.6M
 13 1061M   13  146M    0     0  8977k      0  0:02:01  0:00:16  0:01:45 11.7M
 14 1061M   14  157M    0     0  9118k      0  0:01:59  0:00:17  0:01:42 11.7M
 16 1061M   16  170M    0     0  9352k      0  0:01:56  0:00:18  0:01:38 11.7M
 17 1061M   17  181M    0     0  9455k      0  0:01:54  0:00:19  0:01:35 11.8M
 18 1061M   18  192M    0     0  9576k      0  0:01:53  0:00:20  0:01:33 11.9M
 19 1061M   19  206M    0     0  9754k      0  0:01:51  0:00:21  0:01:30 12.0M
 20 1061M   20  218M    0     0  9876k      0  0:01:50  0:00:22  0:01:28 12.2M
 21 1061M   21  233M    0     0   9.8M      0  0:01:47  0:00:23  0:01:24 12.6M
 23 1061M   23  246M    0     0   9.9M      0  0:01:46  0:00:24  0:01:22 13.0M
 24 1061M   24  260M    0     0  10.1M      0  0:01:44  0:00:25  0:01:19 13.5M
 26 1061M   26  278M    0     0  10.4M      0  0:01:41  0:00:26  0:01:15 14.4M
 27 1061M   27  292M    0     0  10.5M      0  0:01:40  0:00:27  0:01:13 14.6M
 28 1061M   28  307M    0     0  10.7M      0  0:01:39  0:00:28  0:01:11 14.6M
 29 1061M   29  316M    0     0  10.6M      0  0:01:39  0:00:29  0:01:10 13.9M
 30 1061M   30  326M    0     0  10.6M      0  0:01:39  0:00:30  0:01:09 13.2M
 31 1061M   31  336M    0     0  10.6M      0  0:01:39  0:00:31  0:01:08 11.7M
 32 1061M   32  348M    0     0  10.6M      0  0:01:39  0:00:32  0:01:07 11.3M
 33 1061M   33  359M    0     0  10.6M      0  0:01:39  0:00:33  0:01:06 10.4M
 34 1061M   34  371M    0     0  10.7M      0  0:01:39  0:00:34  0:01:05 10.9M
 36 1061M   36  383M    0     0  10.7M      0  0:01:38  0:00:35  0:01:03 11.3M
 37 1061M   37  394M    0     0  10.7M      0  0:01:38  0:00:36  0:01:02 11.5M
 38 1061M   38  406M    0     0  10.8M      0  0:01:38  0:00:37  0:01:01 11.6M
 39 1061M   39  418M    0     0  10.8M      0  0:01:38  0:00:38  0:01:00 11.8M
 40 1061M   40  430M    0     0  10.8M      0  0:01:37  0:00:39  0:00:58 11.8M
 41 1061M   41  442M    0     0  10.8M      0  0:01:37  0:00:40  0:00:57 11.9M
 42 1061M   42  454M    0     0  10.9M      0  0:01:37  0:00:41  0:00:56 11.9M
 43 1061M   43  466M    0     0  10.9M      0  0:01:37  0:00:42  0:00:55 11.9M
 45 1061M   45  478M    0     0  10.9M      0  0:01:36  0:00:43  0:00:53 12.0M
 46 1061M   46  490M    0     0  10.9M      0  0:01:36  0:00:44  0:00:52 12.1M
 47 1061M   47  504M    0     0  11.0M      0  0:01:36  0:00:45  0:00:51 12.1M
 48 1061M   48  516M    0     0  11.0M      0  0:01:35  0:00:46  0:00:49 12.4M
 49 1061M   49  530M    0     0  11.1M      0  0:01:35  0:00:47  0:00:48 12.8M
 51 1061M   51  544M    0     0  11.1M      0  0:01:34  0:00:48  0:00:46 13.2M
 52 1061M   52  560M    0     0  11.2M      0  0:01:34  0:00:49  0:00:45 13.8M
 54 1061M   54  575M    0     0  11.3M      0  0:01:33  0:00:50  0:00:43 14.4M
 55 1061M   55  590M    0     0  11.4M      0  0:01:32  0:00:51  0:00:41 14.7M
 56 1061M   56  600M    0     0  11.3M      0  0:01:33  0:00:52  0:00:41 13.4M
 57 1061M   57  608M    0     0  11.3M      0  0:01:33  0:00:53  0:00:40 12.6M
 58 1061M   58  618M    0     0  11.3M      0  0:01:33  0:00:54  0:00:39 11.6M
 59 1061M   59  630M    0     0  11.3M      0  0:01:33  0:00:55  0:00:38 10.8M
 60 1061M   60  640M    0     0  11.2M      0  0:01:34  0:00:56  0:00:38  9.9M
 61 1061M   61  651M    0     0  11.3M      0  0:01:33  0:00:57  0:00:36 10.6M
 62 1061M   62  662M    0     0  11.3M      0  0:01:33  0:00:58  0:00:35 10.9M
 63 1061M   63  673M    0     0  11.2M      0  0:01:34  0:00:59  0:00:35 11.0M
 64 1061M   64  685M    0     0  11.3M      0  0:01:33  0:01:00  0:00:33 11.1M
 65 1061M   65  696M    0     0  11.2M      0  0:01:34  0:01:01  0:00:33 11.2M
 66 1061M   66  707M    0     0  11.3M      0  0:01:33  0:01:02  0:00:31 11.2M
 67 1061M   67  719M    0     0  11.3M      0  0:01:33  0:01:03  0:00:30 11.3M
 68 1061M   68  730M    0     0  11.2M      0  0:01:33  0:01:04  0:00:29 11.3M
 69 1061M   69  742M    0     0  11.3M      0  0:01:33  0:01:05  0:00:28 11.3M
 71 1061M   71  753M    0     0  11.3M      0  0:01:33  0:01:06  0:00:27 11.5M
 72 1061M   72  765M    0     0  11.3M      0  0:01:33  0:01:07  0:00:26 11.4M
 73 1061M   73  778M    0     0  11.3M      0  0:01:33  0:01:08  0:00:25 11.7M
 74 1061M   74  789M    0     0  11.3M      0  0:01:33  0:01:09  0:00:24 11.9M
 75 1061M   75  804M    0     0  11.3M      0  0:01:33  0:01:10  0:00:23 12.3M
 77 1061M   77  817M    0     0  11.4M      0  0:01:33  0:01:11  0:00:22 12.6M
 78 1061M   78  831M    0     0  11.4M      0  0:01:32  0:01:12  0:00:20 13.2M
 79 1061M   79  848M    0     0  11.5M      0  0:01:32  0:01:13  0:00:19 14.1M
 81 1061M   81  863M    0     0  11.5M      0  0:01:31  0:01:14  0:00:17 14.5M
 82 1061M   82  877M    0     0  11.5M      0  0:01:31  0:01:15  0:00:16 14.5M
 83 1061M   83  887M    0     0  11.5M      0  0:01:31  0:01:16  0:00:15 14.1M
 84 1061M   84  895M    0     0  11.5M      0  0:01:32  0:01:17  0:00:15 12.5M
 85 1061M   85  902M    0     0  11.4M      0  0:01:32  0:01:18  0:00:14 10.8M
 85 1061M   85  911M    0     0  11.4M      0  0:01:32  0:01:19  0:00:13 9816k
 86 1061M   86  918M    0     0  11.3M      0  0:01:33  0:01:20  0:00:13 8447k
 87 1061M   87  927M    0     0  11.3M      0  0:01:33  0:01:21  0:00:12 8216k
 88 1061M   88  935M    0     0  11.3M      0  0:01:33  0:01:22  0:00:11 8301k
 88 1061M   88  944M    0     0  11.2M      0  0:01:34  0:01:23  0:00:11 8434k
 89 1061M   89  953M    0     0  11.2M      0  0:01:34  0:01:24  0:00:10 8617k
 90 1061M   90  961M    0     0  11.2M      0  0:01:34  0:01:25  0:00:09 8713k
 91 1061M   91  970M    0     0  11.2M      0  0:01:34  0:01:26  0:00:08 8730k
 92 1061M   92  978M    0     0  11.1M      0  0:01:35  0:01:27  0:00:08 8754k
 92 1061M   92  986M    0     0  11.1M      0  0:01:35  0:01:28  0:00:07 8779k
 93 1061M   93  996M    0     0  11.1M      0  0:01:35  0:01:29  0:00:06 8815k
 94 1061M   94 1004M    0     0  11.0M      0  0:01:35  0:01:30  0:00:05 8864k
 95 1061M   95 1014M    0     0  11.0M      0  0:01:35  0:01:31  0:00:04 8998k
 96 1061M   96 1023M    0     0  11.0M      0  0:01:36  0:01:32  0:00:04 9228k
 97 1061M   97 1033M    0     0  11.0M      0  0:01:36  0:01:33  0:00:03 9511k
 98 1061M   98 1044M    0     0  11.0M      0  0:01:36  0:01:34  0:00:02 9926k
 99 1061M   99 1055M    0     0  11.0M      0  0:01:36  0:01:35  0:00:01 10.1M
100 1061M  100 1061M    0     0  11.0M      0  0:01:36  0:01:36 --:--:-- 10.6M
  % Total    % Received % Xferd  Average Speed   Time    Time     Time  Current
                                 Dload  Upload   Total   Spent    Left  Speed

  0     0    0     0    0     0      0      0 --:--:-- --:--:-- --:--:--     0
  0     0    0     0    0     0      0      0 --:--:-- --:--:-- --:--:--     0
100    82  100    82    0     0    151      0 --:--:-- --:--:-- --:--:--   151

  0  334M    0 15956    0     0  12824      0  7:35:23  0:00:01  7:35:22 12824
  0  334M    0 1217k    0     0   562k      0  0:10:08  0:00:02  0:10:06 1306k
  3  334M    3 11.5M    0     0  3624k      0  0:01:34  0:00:03  0:01:31 5849k
  5  334M    5 16.9M    0     0  4180k      0  0:01:21  0:00:04  0:01:17 5966k
  7  334M    7 25.1M    0     0  4962k      0  0:01:08  0:00:05  0:01:03 6524k
 10  334M   10 36.4M    0     0  5988k      0  0:00:57  0:00:06  0:00:51 7480k
 14  334M   14 48.2M    0     0  6908k      0  0:00:49  0:00:07  0:00:42 9660k
 17  334M   17 58.5M    0     0  7371k      0  0:00:46  0:00:08  0:00:38 9881k
 21  334M   21 71.1M    0     0  7944k      0  0:00:43  0:00:09  0:00:34 10.7M
 25  334M   25 83.9M    0     0  8422k      0  0:00:40  0:00:10  0:00:30 11.7M
 29  334M   29 96.9M    0     0  8909k      0  0:00:38  0:00:11  0:00:27 12.3M
 32  334M   32  108M    0     0  9136k      0  0:00:37  0:00:12  0:00:25 12.0M
 36  334M   36  120M    0     0  9411k      0  0:00:36  0:00:13  0:00:23 12.4M
 40  334M   40  134M    0     0  9665k      0  0:00:35  0:00:14  0:00:21 12.5M
 44  334M   44  147M    0     0  9933k      0  0:00:34  0:00:15  0:00:19 12.7M
 47  334M   47  159M    0     0   9.8M      0  0:00:33  0:00:16  0:00:17 12.4M
 51  334M   51  171M    0     0   9.9M      0  0:00:33  0:00:17  0:00:16 12.5M
 55  334M   55  184M    0     0  10.1M      0  0:00:32  0:00:18  0:00:14 12.6M
 59  334M   59  197M    0     0  10.3M      0  0:00:32  0:00:19  0:00:13 12.9M
 63  334M   63  211M    0     0  10.5M      0  0:00:31  0:00:20  0:00:11 12.9M
 66  334M   66  223M    0     0  10.5M      0  0:00:31  0:00:21  0:00:10 12.8M
 71  334M   71  238M    0     0  10.7M      0  0:00:31  0:00:22  0:00:09 13.3M
 75  334M   75  253M    0     0  10.9M      0  0:00:30  0:00:23  0:00:07 13.8M
 80  334M   80  269M    0     0  11.1M      0  0:00:29  0:00:24  0:00:05 14.2M
 85  334M   85  284M    0     0  11.3M      0  0:00:29  0:00:25  0:00:04 14.5M
 90  334M   90  301M    0     0  11.5M      0  0:00:28  0:00:26  0:00:02 15.5M
 95  334M   95  317M    0     0  11.6M      0  0:00:28  0:00:27  0:00:01 15.8M
 97  334M   97  327M    0     0  11.6M      0  0:00:28  0:00:28 --:--:-- 14.7M
100  334M  100  334M    0     0  11.6M      0  0:00:28  0:00:28 --:--:-- 14.1M
  % Total    % Received % Xferd  Average Speed   Time    Time     Time  Current
                                 Dload  Upload   Total   Spent    Left  Speed

  0     0    0     0    0     0      0      0 --:--:-- --:--:-- --:--:--     0
100    87  100    87    0     0    163      0 --:--:-- --:--:-- --:--:--   163

  0     0    0     0    0     0      0      0 --:--:-- --:--:-- --:--:--     0
  1 16.8M    1  242k    0     0   138k      0  0:02:04  0:00:01  0:02:03  235k
 48 16.8M   48 8441k    0     0  3009k      0  0:00:05  0:00:02  0:00:03 4048k
100 16.8M  100 16.8M    0     0  4901k      0  0:00:03  0:00:03 --:--:-- 6157k
  % Total    % Received % Xferd  Average Speed   Time    Time     Time  Current
                                 Dload  Upload   Total   Spent    Left  Speed

  0     0    0     0    0     0      0      0 --:--:-- --:--:-- --:--:--     0
100    80  100    80    0     0    148      0 --:--:-- --:--:-- --:--:--   148

  0     0    0     0    0     0      0      0 --:--:-- --:--:-- --:--:--     0
  6 4192k    6  252k    0     0   137k      0  0:00:30  0:00:01  0:00:29  273k
100 4192k  100 4192k    0     0  1741k      0  0:00:02  0:00:02 --:--:-- 2804k
  % Total    % Received % Xferd  Average Speed   Time    Time     Time  Current
                                 Dload  Upload   Total   Spent    Left  Speed

  0     0    0     0    0     0      0      0 --:--:-- --:--:-- --:--:--     0
100    85  100    85    0     0    155      0 --:--:-- --:--:-- --:--:--   155

  0     0    0     0    0     0      0      0 --:--:--  0:00:01 --:--:--     0
100 38502  100 38502    0     0  30319      0  0:00:01  0:00:01 --:--:--  206k
  % Total    % Received % Xferd  Average Speed   Time    Time     Time  Current
                                 Dload  Upload   Total   Spent    Left  Speed

  0     0    0     0    0     0      0      0 --:--:-- --:--:-- --:--:--     0
100    81  100    81    0     0    150      0 --:--:-- --:--:-- --:--:--   150

  0     0    0     0    0     0      0      0 --:--:-- --:--:-- --:--:--     0
100  166k  100  166k    0     0   103k      0  0:00:01  0:00:01 --:--:--  188k
  % Total    % Received % Xferd  Average Speed   Time    Time     Time  Current
                                 Dload  Upload   Total   Spent    Left  Speed

  0     0    0     0    0     0      0      0 --:--:-- --:--:-- --:--:--     0
  0     0    0     0    0     0      0      0 --:--:-- --:--:-- --:--:--     0
100    81  100    81    0     0    147      0 --:--:-- --:--:-- --:--:--   147

  0     0    0     0    0     0      0      0 --:--:--  0:00:01 --:--:--     0
100 99111  100 99111    0     0  69420      0  0:00:01  0:00:01 --:--:--  274k
  % Total    % Received % Xferd  Average Speed   Time    Time     Time  Current
                                 Dload  Upload   Total   Spent    Left  Speed

  0     0    0     0    0     0      0      0 --:--:-- --:--:-- --:--:--     0
100    87  100    87    0     0    157      0 --:--:-- --:--:-- --:--:--   157

  0     0    0     0    0     0      0      0 --:--:-- --:--:-- --:--:--     0
 34  312k   34  107k    0     0  68852      0  0:00:04  0:00:01  0:00:03  124k
100  312k  100  312k    0     0   175k      0  0:00:01  0:00:01 --:--:--  299k
  % Total    % Received % Xferd  Average Speed   Time    Time     Time  Current
                                 Dload  Upload   Total   Spent    Left  Speed

  0     0    0     0    0     0      0      0 --:--:-- --:--:-- --:--:--     0
100    87  100    87    0     0    161      0 --:--:-- --:--:-- --:--:--   162

  0     0    0     0    0     0      0      0 --:--:-- --:--:-- --:--:--     0
  1 20.3M    1  244k    0     0   135k      0  0:02:33  0:00:01  0:02:32  268k
 47 20.3M   47 9820k    0     0  3402k      0  0:00:06  0:00:02  0:00:04 4920k
100 20.3M  100 20.3M    0     0  5801k      0  0:00:03  0:00:03 --:--:-- 7716k
