Seq. Update date/time           Trans(N1) Trans(N2)  Centre Tape
   0 2026-05-21 14:26:12.489695 ----      --------          (Initialized)
   1 2026-05-21 14:26:12.489695                             exfor-2025
   2 2026-05-22 21:35:37.759653 3221      20260106   NDS    trans/trans.3221
   3 2026-05-22 21:50:51.644836 C252      20260112   NNDC   trans/trans.c252
   4 2026-05-22 21:53:07.443393 M142      20260115   CDFE   trans/trans.m142
   5 2026-05-22 21:55:21.886634 1524      20260115   NNDC   trans/trans.1524
   6 2026-05-22 21:57:58.385749 F103      20260122   CNPD   trans/trans.f103
   7 2026-05-22 22:01:31.409689 F104      20260126   CNPD   trans/trans.f104
   8 2026-05-22 22:04:49.490658 2322      20260114   NEADB  trans/trans.2322
   9 2026-05-22 22:06:49.414639 O099      20260114   NEADB  trans/trans.o099
  10 2026-05-22 22:09:59.420464 O100      20260114   NEADB  trans/trans.o100
  11 2026-05-22 22:15:11.307359 M143      20260226   CDFE   trans/trans.m143
  12 2026-05-22 22:18:13.875763 E155      20260227   JCPRG  trans/trans.e155
  13 2026-05-22 22:19:58.824673 E156      20260227   JCPRG  trans/trans.e156
  14 2026-05-22 22:21:52.454642 R033      20260227   JCPRG  trans/trans.r033
  15 2026-05-22 22:23:48.669972 M144      20260302   CDFE   trans/trans.m144
  16 2026-05-22 22:27:31.573217 F105      20260305   CNPD   trans/trans.f105
  17 2026-05-22 22:31:55.480125 F106      20260305   CNPD   trans/trans.f106
  18 2026-05-22 22:34:48.206552 F107      20260311   CNPD   trans/trans.f107
  19 2026-05-22 22:38:11.562661 C253      20260312   NNDC   trans/trans.c253
  20 2026-05-22 22:41:53.896301 1525      20260316   NNDC   trans/trans.1525
  21 2026-05-22 22:46:44.019074 1526      20260316   NNDC   trans/trans.1526
  22 2026-05-22 22:49:34.942989 A129      20260317   CNPD   trans/trans.a129
  23 2026-05-22 22:54:01.215617 4226      20260319   CJD    trans/trans.4226
  24 2026-05-22 22:58:53.973901 C254      20260325   NNDC   trans/trans.c254
  25 2026-05-22 23:04:04.818698 A130      20260327   CNPD   trans/trans.a130
  26 2026-05-22 23:08:12.386242 1527      20260327   NNDC   trans/trans.1527
  27 2026-05-22 23:13:56.242720 A131      20260401   CNPD   trans/trans.a131
  28 2026-05-22 23:16:55.528589 4227      20260420   CJD    trans/trans.4227
  29 2026-05-22 23:19:10.621349 C255      20260420   NNDC   trans/trans.c255
  30 2026-05-22 23:22:06.449696 C256      20260420   NNDC   trans/trans.c256
  31 2026-05-22 23:24:52.731223 L057      20260422   NNDC   trans/trans.l057
  32 2026-05-22 23:26:27.427896 L058      20260422   NNDC   trans/trans.l058
  33 2026-05-22 23:28:33.630748 1528      20260508   NNDC   trans/trans.1528
  34 2026-05-22 23:30:52.899530 3222      20260508   NDS    trans/trans.3222
  35 2026-05-22 23:34:17.703798 A132      20260508   CNPD   trans/trans.a132
  36 2026-05-22 23:37:36.497633 A133      20260508   CNPD   trans/trans.a133
  37 2026-05-22 23:45:13.785509 D151      20260508   NDS    trans/trans.d151
  38 2026-05-22 23:50:22.360578 E157      20260508   JCPRG  trans/trans.e157
  39 2026-05-22 23:52:19.616130 E158      20260508   JCPRG  trans/trans.e158
  40 2026-05-22 23:55:35.805532 F108      20260508   CNPD   trans/trans.f108
  41 2026-05-22 23:59:22.636051 G059      20260508   NDS    trans/trans.g059
  42 2026-05-23 00:01:46.991728 K024      20260508   JCPRG  trans/trans.k024
  43 2026-05-23 00:04:19.293780 A134      20260508   CNPD   trans/trans.a134
  44 2026-05-23 00:07:16.967300 4228      20260518   CJD    trans/trans.4228
  45 2026-05-23 00:10:40.252712 C257      20260518   NNDC   trans/trans.c257
  46 2026-05-23 00:14:21.392763 M145      20260518   CDFE   trans/trans.m145
  47 2026-05-24 10:22:42.586141 X001      20260524   adhoc  adhoc/trans.x001
  48 2026-05-28 13:46:43.610554 3223      20260528   NDS    trans/trans.3223
  49 2026-05-28 13:47:02.813803 D152      20260528   NDS    trans/trans.d152
  50 2026-05-28 13:47:16.027676 G060      20260528   NDS    trans/trans.g060
  51 2026-06-18 18:02:57.744845 1529      20260617   NNDC   trans/trans.1529
  52 2026-06-18 18:03:21.846230 L059      20260617   NNDC   trans/trans.l059
  53 2026-06-18 18:03:33.381697 M146      20260617   CDFE   trans/trans.m146
  54 2026-06-29 12:05:56.574620 X002      20260629   adhoc  adhoc/trans.x002
  55 2026-08-19 10:01:10.177285 E159      20260818   JCPRG  trans/trans.e159
  56 2026-08-20 15:48:36.448002 C258      20260819   NNDC   trans/trans.c258
  57 2026-08-24 16:25:20.655744 1530      20260821   NNDC   trans/trans.1530
  58 2026-08-27 09:01:19.240003 2323      20260826   NEADB  trans/trans.2323
  59 2026-09-09 14:04:04.119477 K025      20260908   JCPRG  trans/trans.k025
